[93mWARNING [0m:   DEPRECATED FEATURE: flwr.server.start_server() is deprecated.
	Instead, use the `flower-superlink` CLI command to start a SuperLink as shown below:

		$ flower-superlink --insecure

	To view usage and all available options, run:

		$ flower-superlink --help

	Using `start_server()` is deprecated.

            This is a deprecated feature. It will be removed
            entirely in future versions of Flower.
        
[92mINFO [0m:      Starting Flower server, config: num_rounds=3, no round_timeout
[92mINFO [0m:      Flower ECE: gRPC server running (3 rounds), SSL is disabled
[92mINFO [0m:      [INIT]
[92mINFO [0m:      Requesting initial parameters from one random client
[93mWARNING [0m:   DEPRECATED FEATURE: flwr.client.start_numpy_client() is deprecated. 
	Instead, use `flwr.client.start_client()` by ensuring you first call the `.to_client()` method as shown below: 
	flwr.client.start_client(
		server_address='<IP>:<PORT>',
		client=FlowerClient().to_client(), # <-- where FlowerClient is of type flwr.client.NumPyClient object
	)
	Using `start_numpy_client()` is deprecated.

            This is a deprecated feature. It will be removed
            entirely in future versions of Flower.
        
[93mWARNING [0m:   DEPRECATED FEATURE: flwr.client.start_client() is deprecated.
	Instead, use the `flower-supernode` CLI command to start a SuperNode as shown below:

		$ flower-supernode --insecure --superlink='<IP>:<PORT>'

	To view all available options, run:

		$ flower-supernode --help

	Using `start_client()` is deprecated.

            This is a deprecated feature. It will be removed
            entirely in future versions of Flower.
        
[92mINFO [0m:      
[92mINFO [0m:      Received: get_parameters message 56c95e73-6d54-4581-983f-4f1f8b5dc9a4
[92mINFO [0m:      Sent reply
[92mINFO [0m:      Received initial parameters from one random client
[92mINFO [0m:      Starting evaluation of initial global parameters
[92mINFO [0m:      Evaluation returned no results (`None`)
[92mINFO [0m:      
[92mINFO [0m:      [ROUND 1]
[93mWARNING [0m:   DEPRECATED FEATURE: flwr.client.start_numpy_client() is deprecated. 
	Instead, use `flwr.client.start_client()` by ensuring you first call the `.to_client()` method as shown below: 
	flwr.client.start_client(
		server_address='<IP>:<PORT>',
		client=FlowerClient().to_client(), # <-- where FlowerClient is of type flwr.client.NumPyClient object
	)
	Using `start_numpy_client()` is deprecated.

            This is a deprecated feature. It will be removed
            entirely in future versions of Flower.
        
[93mWARNING [0m:   DEPRECATED FEATURE: flwr.client.start_client() is deprecated.
	Instead, use the `flower-supernode` CLI command to start a SuperNode as shown below:

		$ flower-supernode --insecure --superlink='<IP>:<PORT>'

	To view all available options, run:

		$ flower-supernode --help

	Using `start_client()` is deprecated.

            This is a deprecated feature. It will be removed
            entirely in future versions of Flower.
        
[92mINFO [0m:      configure_fit: strategy sampled 2 clients (out of 2)
[92mINFO [0m:      
[92mINFO [0m:      Received: train message e1a28df2-8419-4ddb-aa1a-bc4df024d937
[92mINFO [0m:      Sent reply
[92mINFO [0m:      
[92mINFO [0m:      Received: train message c8ccdf39-c624-4f54-8c9e-44b5d2b94a5d
[92mINFO [0m:      Sent reply
[92mINFO [0m:      aggregate_fit: received 2 results and 0 failures
[93mWARNING [0m:   No fit_metrics_aggregation_fn provided
[92mINFO [0m:      configure_evaluate: strategy sampled 2 clients (out of 2)
[92mINFO [0m:      
[92mINFO [0m:      Received: evaluate message a3a69153-bf38-4dec-88ec-e2b7f1fe3f52
[92mINFO [0m:      Sent reply
[92mINFO [0m:      
[92mINFO [0m:      Received: evaluate message 2ddf4b64-e6bf-4d4b-9799-2f5ef323da67
[92mINFO [0m:      Sent reply
[92mINFO [0m:      aggregate_evaluate: received 2 results and 0 failures
[92mINFO [0m:      
[92mINFO [0m:      [ROUND 2]
[92mINFO [0m:      configure_fit: strategy sampled 2 clients (out of 2)
[92mINFO [0m:      
[92mINFO [0m:      Received: train message 49b5f9b8-0ffb-4286-a8f3-7addf4486b23
[92mINFO [0m:      
[92mINFO [0m:      Received: train message be91e538-78ee-461f-adbd-b4c1fa7e8a73
[92mINFO [0m:      Sent reply
[92mINFO [0m:      Sent reply
[92mINFO [0m:      aggregate_fit: received 2 results and 0 failures
[92mINFO [0m:      configure_evaluate: strategy sampled 2 clients (out of 2)
[92mINFO [0m:      
[92mINFO [0m:      Received: evaluate message 785f91cd-0136-4a8a-acdb-cbd8d105acbd
[92mINFO [0m:      
[92mINFO [0m:      Received: evaluate message 81492247-2990-4506-abf9-4a3884094f3f
[92mINFO [0m:      Sent reply
[92mINFO [0m:      Sent reply
[92mINFO [0m:      aggregate_evaluate: received 2 results and 0 failures
[92mINFO [0m:      
[92mINFO [0m:      [ROUND 3]
[92mINFO [0m:      configure_fit: strategy sampled 2 clients (out of 2)
[92mINFO [0m:      
[92mINFO [0m:      Received: train message 260eefc9-b2c3-4872-8c96-1c1b13f2f7df
[92mINFO [0m:      
[92mINFO [0m:      Received: train message 8779681c-a8e5-4dcb-990f-e522bf683444
[92mINFO [0m:      Sent reply
[92mINFO [0m:      Sent reply
[92mINFO [0m:      aggregate_fit: received 2 results and 0 failures
[92mINFO [0m:      configure_evaluate: strategy sampled 2 clients (out of 2)
[92mINFO [0m:      
[92mINFO [0m:      Received: evaluate message 1f7bcea2-9eb0-4c8f-81ff-532d4fd0f2ad
[92mINFO [0m:      
[92mINFO [0m:      Received: evaluate message fd7a77f8-4699-41ee-bf5b-6ca167bc3aa4
[92mINFO [0m:      Sent reply
[92mINFO [0m:      Sent reply
[92mINFO [0m:      aggregate_evaluate: received 2 results and 0 failures
[92mINFO [0m:      
[92mINFO [0m:      [SUMMARY]
[92mINFO [0m:      Run finished 3 round(s) in 1.08s
[92mINFO [0m:      	History (loss, distributed):
[92mINFO [0m:      		round 1: 0.10000000149011612
[92mINFO [0m:      		round 2: 0.10000000149011612
[92mINFO [0m:      		round 3: 0.10000000149011612
[92mINFO [0m:      	History (metrics, distributed, evaluate):
[92mINFO [0m:      	{'accuracy': [(1, 0.95), (2, 0.95), (3, 0.95)]}
[92mINFO [0m:      
[92mINFO [0m:      
[92mINFO [0m:      Received: reconnect message 1f732684-f876-48e6-b2d6-1e0b56594562
[92mINFO [0m:      
[92mINFO [0m:      Received: reconnect message 771363e4-1079-4f5a-8438-eec94ac7c5dd
[92mINFO [0m:      Disconnect and shut down
[92mINFO [0m:      Disconnect and shut down
Starting Client 1...
Starting Client 2...
[93mWARNING [0m:   DEPRECATED FEATURE: flwr.client.start_numpy_client() is deprecated. 
	Instead, use `flwr.client.start_client()` by ensuring you first call the `.to_client()` method as shown below: 
	flwr.client.start_client(
		server_address='<IP>:<PORT>',
		client=FlowerClient().to_client(), # <-- where FlowerClient is of type flwr.client.NumPyClient object
	)
	Using `start_numpy_client()` is deprecated.

            This is a deprecated feature. It will be removed
            entirely in future versions of Flower.
        
[93mWARNING [0m:   DEPRECATED FEATURE: flwr.client.start_client() is deprecated.
	Instead, use the `flower-supernode` CLI command to start a SuperNode as shown below:

		$ flower-supernode --insecure --superlink='<IP>:<PORT>'

	To view all available options, run:

		$ flower-supernode --help

	Using `start_client()` is deprecated.

            This is a deprecated feature. It will be removed
            entirely in future versions of Flower.
        
Starting Client 3...
Client 3 error: <_MultiThreadedRendezvous of RPC that terminated with:
	status = StatusCode.UNAVAILABLE
	details = "failed to connect to all addresses; last error: UNKNOWN: ipv4:127.0.0.1:8080: Failed to connect to remote host: Connection refused"
	debug_error_string = "UNKNOWN:Error received from peer  {grpc_status:14, grpc_message:"failed to connect to all addresses; last error: UNKNOWN: ipv4:127.0.0.1:8080: Failed to connect to remote host: Connection refused"}"
>
All clients finished. Terminating server...
Federated Learning Simulation Complete.
